[2026-05-12T01:55:35+00:00] starting v2_od_murcko_centwext (cfg=configs/v2_od_murcko_centwext.yaml); GPU=7, threads=32, cpu_bind=192-383
Warning: You are sending unauthenticated requests to the HF Hub. Please set a HF_TOKEN to enable higher rate limits and faster downloads.
Loading weights:   0%|          | 0/245 [00:00<?, ?it/s]Loading weights: 100%|██████████| 245/245 [00:00<00:00, 12536.04it/s]
wandb: [wandb.login()] Loaded credentials for https://api.wandb.ai from /home/sohyun/.netrc.
wandb: Currently logged in as: anniejung01 (anniejung01-korea-university) to https://api.wandb.ai. Use `wandb login --relogin` to force relogin
wandb: WARNING Using a boolean value for 'reinit' is deprecated. Use 'return_previous' or 'finish_previous' instead.
wandb: setting up run mzkozuns
wandb: Tracking run with wandb version 0.26.1
wandb: Run data is saved locally in /hdd0/sohyun/cyclic-peptide-permeability/ChameleonNet/runs/v2_od_murcko_centwext/wandb/run-20260512_015541-mzkozuns
wandb: Run `wandb offline` to turn off syncing.
wandb: Syncing run v2_od_murcko_centwext
wandb: ⭐️ View project at https://wandb.ai/anniejung01-korea-university/chameleonnet-v2
wandb: 🚀 View run at https://wandb.ai/anniejung01-korea-university/chameleonnet-v2/runs/mzkozuns
{"epoch": 0, "lr_factor": 0.2, "elapsed_s": 178.60824728012085, "train/loss_total": 3.6297852401695554, "train/loss_mse": 1.4258942191622086, "train/loss_chameleonic": 18.30785122135329, "train/loss_triplet": 0.0, "train/loss_residue_psa": 7.462117602605195, "train/metric_mae": 0.7267912511865672, "train/metric_mse": 1.426621160809669, "train/metric_r2": -2.1206275229538467, "train/metric_pearson": 0.07710946817465375, "val/loss_total": 1.7695911707622665, "val/loss_mse": 0.3576058780641428, "val/loss_chameleonic": 9.876906999519893, "val/loss_triplet": 0.0, "val/loss_residue_psa": 8.485891257013593, "val/metric_mae": 0.4504733031569154, "val/metric_mse": 0.35891323070668135, "val/metric_r2": 0.028167372473274388, "val/metric_pearson": 0.3190213080357931}
{"epoch": 1, "lr_factor": 0.4, "elapsed_s": 178.41117644309998, "train/loss_total": 1.4891602814434066, "train/loss_mse": 0.4807263496701443, "train/loss_chameleonic": 7.153136201794186, "train/loss_triplet": 0.0, "train/loss_residue_psa": 5.862405858342609, "train/metric_mae": 0.5264859416106701, "train/metric_mse": 0.4807686711469761, "train/metric_r2": -0.0516456565832204, "train/metric_pearson": 0.3323109923568186, "val/loss_total": 1.284055614045688, "val/loss_mse": 0.5933405291289091, "val/loss_chameleonic": 4.781202028904643, "val/loss_triplet": 0.0, "val/loss_residue_psa": 4.251897520252636, "val/metric_mae": 0.6373836372444689, "val/metric_mse": 0.5902608764586731, "val/metric_r2": -0.5982547574677128, "val/metric_pearson": 0.283352873304184}
{"epoch": 2, "lr_factor": 0.6, "elapsed_s": 178.2542006969452, "train/loss_total": 0.8986931586904185, "train/loss_mse": 0.4373820096343046, "train/loss_chameleonic": 3.034395520530996, "train/loss_triplet": 0.0, "train/loss_residue_psa": 3.157431751962692, "train/metric_mae": 0.5025044243813271, "train/metric_mse": 0.4375537947029207, "train/metric_r2": 0.04288366664357901, "train/metric_pearson": 0.4008890811599277, "val/loss_total": 0.7476309290421861, "val/loss_mse": 0.36656812802954974, "val/loss_chameleonic": 3.0322260899203166, "val/loss_triplet": 0.0, "val/loss_residue_psa": 1.5568037235311099, "val/metric_mae": 0.4470085297582371, "val/metric_mse": 0.36582187977804453, "val/metric_r2": 0.00946076038638266, "val/metric_pearson": 0.3073678575061307}
{"epoch": 3, "lr_factor": 0.8, "elapsed_s": 178.7389738559723, "train/loss_total": 0.7298240798806387, "train/loss_mse": 0.436809638123368, "train/loss_chameleonic": 2.0559011965043963, "train/loss_triplet": 0.0, "train/loss_residue_psa": 1.7484863776536215, "train/metric_mae": 0.5046006941446213, "train/metric_mse": 0.43689479403412174, "train/metric_r2": 0.04432518151886089, "train/metric_pearson": 0.41323220987880455, "val/loss_total": 0.57530495471188, "val/loss_mse": 0.3258763370104134, "val/loss_chameleonic": 1.8448089425052916, "val/loss_triplet": 0.0, "val/loss_residue_psa": 1.2989543844014406, "val/metric_mae": 0.41896783521656544, "val/metric_mse": 0.32856564926160836, "val/metric_r2": 0.11033979547583928, "val/metric_pearson": 0.4316313930838535}
{"epoch": 4, "lr_factor": 1.0, "elapsed_s": 178.07166361808777, "train/loss_total": 0.6344603694206665, "train/loss_mse": 0.41039049223301904, "train/loss_chameleonic": 1.7486111945103084, "train/loss_triplet": 0.0, "train/loss_residue_psa": 0.9841750798126062, "train/metric_mae": 0.4847142005801112, "train/metric_mse": 0.41039895522252, "train/metric_r2": 0.10228285529422154, "train/metric_pearson": 0.4350862951716204, "val/loss_total": 0.49345574527978897, "val/loss_mse": 0.29888229817152023, "val/loss_chameleonic": 1.764058700629643, "val/loss_triplet": 0.0, "val/loss_residue_psa": 0.36335147518132416, "val/metric_mae": 0.38792317037950025, "val/metric_mse": 0.3034036424689703, "val/metric_r2": 0.1784711907074601, "val/metric_pearson": 0.4912184307422217}
{"epoch": 5, "lr_factor": 1.0, "elapsed_s": 178.61786675453186, "train/loss_total": 0.5150663072450293, "train/loss_mse": 0.3592657869467364, "train/loss_chameleonic": 1.4034229999496823, "train/loss_triplet": 0.0, "train/loss_residue_psa": 0.3091643593525366, "train/metric_mae": 0.44824317537782565, "train/metric_mse": 0.3593792567390834, "train/metric_r2": 0.2138846453657065, "train/metric_pearson": 0.49894456744178206, "val/loss_total": 0.4420507719208087, "val/loss_mse": 0.3152306318349604, "val/loss_chameleonic": 1.2144411440406526, "val/loss_triplet": 0.0, "val/loss_residue_psa": 0.1075203622292195, "val/metric_mae": 0.4007039308007342, "val/metric_mse": 0.31965862025939223, "val/metric_r2": 0.13445743912368413, "val/metric_pearson": 0.4175944965854813}
{"epoch": 6, "lr_factor": 0.9995614150494292, "elapsed_s": 178.3489043712616, "train/loss_total": 0.46834833631735473, "train/loss_mse": 0.33802246924726265, "train/loss_chameleonic": 1.2230509021097706, "train/loss_triplet": 0.0, "train/loss_residue_psa": 0.1604154878295958, "train/metric_mae": 0.43645646584539916, "train/metric_mse": 0.33808637328813806, "train/metric_r2": 0.2604612418479547, "train/metric_pearson": 0.537970475340136, "val/loss_total": 0.46688772751284496, "val/loss_mse": 0.34377049481762306, "val/loss_chameleonic": 1.1717229959155833, "val/loss_triplet": 0.0, "val/loss_residue_psa": 0.11889864357986621, "val/metric_mae": 0.4342582966464988, "val/metric_mse": 0.34344953923105953, "val/metric_r2": 0.0700385508871395, "val/metric_pearson": 0.4426963215733579}
{"epoch": 7, "lr_factor": 0.9982464296247522, "elapsed_s": 178.0994062423706, "train/loss_total": 0.4567137910200963, "train/loss_mse": 0.3340710250232073, "train/loss_chameleonic": 1.152528239088872, "train/loss_triplet": 0.0, "train/loss_residue_psa": 0.1477987933977847, "train/metric_mae": 0.43276767288079243, "train/metric_mse": 0.3336697382972818, "train/metric_r2": 0.2701223019036495, "train/metric_pearson": 0.5406753488252571, "val/loss_total": 0.45398674226765123, "val/loss_mse": 0.3391545281712232, "val/loss_chameleonic": 1.1041778890149934, "val/loss_triplet": 0.0, "val/loss_residue_psa": 0.0882885259842234, "val/metric_mae": 0.4095914347642133, "val/metric_mse": 0.3327536174197812, "val/metric_r2": 0.09899999590606101, "val/metric_pearson": 0.4658477291038673}
{"epoch": 8, "lr_factor": 0.996057350657239, "elapsed_s": 178.32811498641968, "train/loss_total": 0.4474756203532692, "train/loss_mse": 0.32850620454354656, "train/loss_chameleonic": 1.109528390424592, "train/loss_triplet": 0.0, "train/loss_residue_psa": 0.1603314998367476, "train/metric_mae": 0.4267851753073906, "train/metric_mse": 0.3286001543955785, "train/metric_r2": 0.2812116390648902, "train/metric_pearson": 0.5503683515215138, "val/loss_total": 0.4501552451401949, "val/loss_mse": 0.3210313891592835, "val/loss_chameleonic": 1.212932696832078, "val/loss_triplet": 0.0, "val/loss_residue_psa": 0.15661174258483307, "val/metric_mae": 0.4206729324496522, "val/metric_mse": 0.31961277607187566, "val/metric_r2": 0.13458157184825192, "val/metric_pearson": 0.42848564758664787}
{"epoch": 9, "lr_factor": 0.9929980185352525, "elapsed_s": 178.37425541877747, "train/loss_total": 0.42254734021567164, "train/loss_mse": 0.31157763415415374, "train/loss_chameleonic": 1.0349835118958874, "train/loss_triplet": 0.0, "train/loss_residue_psa": 0.1494270442423248, "train/metric_mae": 0.4136102525612118, "train/metric_mse": 0.31172747686804503, "train/metric_r2": 0.31811936434247035, "train/metric_pearson": 0.5752583459237219, "val/loss_total": 0.4598195097808327, "val/loss_mse": 0.3365047094744763, "val/loss_chameleonic": 1.1819350714130061, "val/loss_triplet": 0.0, "val/loss_residue_psa": 0.10242587813575353, "val/metric_mae": 0.41471728500054805, "val/metric_mse": 0.33276563277048604, "val/metric_r2": 0.09896746183139582, "val/metric_pearson": 0.4074447831593824}
{"epoch": 10, "lr_factor": 0.9890738003669028, "elapsed_s": 178.80030941963196, "train/loss_total": 0.416939808854035, "train/loss_mse": 0.3100477724469134, "train/loss_chameleonic": 0.9943438292377524, "train/loss_triplet": 0.0, "train/loss_residue_psa": 0.14915303899241344, "train/metric_mae": 0.41625880058896425, "train/metric_mse": 0.3101256122922895, "train/metric_r2": 0.32162332378206704, "train/metric_pearson": 0.5803065695623996, "val/loss_total": 0.4796113768991615, "val/loss_mse": 0.36171050812117755, "val/loss_chameleonic": 1.1192407698503561, "val/loss_triplet": 0.0, "val/loss_residue_psa": 0.11953587005180973, "val/metric_mae": 0.42729281297886995, "val/metric_mse": 0.36184485224616547, "val/metric_r2": 0.02022939409888802, "val/metric_pearson": 0.43380864630601357}
{"epoch": 11, "lr_factor": 0.9842915805643155, "elapsed_s": 177.84102368354797, "train/loss_total": 0.4089216450672774, "train/loss_mse": 0.303343783735135, "train/loss_chameleonic": 0.9708438762241886, "train/loss_triplet": 0.0, "train/loss_residue_psa": 0.1698694557712842, "train/metric_mae": 0.4110263647882836, "train/metric_mse": 0.30307018558422083, "train/metric_r2": 0.33705654416055, "train/metric_pearson": 0.5937226540177586, "val/loss_total": 0.5564421669446996, "val/loss_mse": 0.3762749798063721, "val/loss_chameleonic": 1.764137891786439, "val/loss_triplet": 0.0, "val/loss_residue_psa": 0.0750678989903203, "val/metric_mae": 0.4435626308934218, "val/metric_mse": 0.37918090780886315, "val/metric_r2": -0.026711601626662418, "val/metric_pearson": 0.46655494536524383}
{"epoch": 12, "lr_factor": 0.9786597487660336, "elapsed_s": 177.8587567806244, "train/loss_total": 0.3936428761346236, "train/loss_mse": 0.2951084741036452, "train/loss_chameleonic": 0.9123240155241792, "train/loss_triplet": 0.0, "train/loss_residue_psa": 0.14603995545102016, "train/metric_mae": 0.40683723839319325, "train/metric_mse": 0.29510725478899275, "train/metric_r2": 0.35447486213142776, "train/metric_pearson": 0.6070892334871649, "val/loss_total": 0.49611210690013, "val/loss_mse": 0.36878112016711384, "val/loss_chameleonic": 1.2311280013195105, "val/loss_triplet": 0.0, "val/loss_residue_psa": 0.08436376242233175, "val/metric_mae": 0.4274935116843572, "val/metric_mse": 0.36887485434677914, "val/metric_r2": 0.001194193308139857, "val/metric_pearson": 0.43352092613100524}
{"epoch": 13, "lr_factor": 0.9721881851187405, "elapsed_s": 176.56013798713684, "train/loss_total": 0.37799476234922336, "train/loss_mse": 0.28036688101507484, "train/loss_chameleonic": 0.8974219203468353, "train/loss_triplet": 0.0, "train/loss_residue_psa": 0.15771374765724416, "train/metric_mae": 0.3963077903296877, "train/metric_mse": 0.2805156585619209, "train/metric_r2": 0.38639289197768834, "train/metric_pearson": 0.6303010206868189, "val/loss_total": 0.6263743165348258, "val/loss_mse": 0.5289924604419086, "val/loss_chameleonic": 0.9303176889994315, "val/loss_triplet": 0.0, "val/loss_residue_psa": 0.08700170427826899, "val/metric_mae": 0.5593029949940792, "val/metric_mse": 0.5359601894922981, "val/metric_r2": -0.45122429222926286, "val/metric_pearson": 0.32948901883816445}
{"epoch": 14, "lr_factor": 0.9648882429441257, "elapsed_s": 178.11102867126465, "train/loss_total": 0.3724528764418903, "train/loss_mse": 0.2796870846641324, "train/loss_chameleonic": 0.8549278314624514, "train/loss_triplet": 0.0, "train/loss_residue_psa": 0.14546012335146466, "train/metric_mae": 0.39620713117726836, "train/metric_mse": 0.27972229686304206, "train/metric_r2": 0.38812831159797045, "train/metric_pearson": 0.633697315541088, "val/loss_total": 0.4861519005415695, "val/loss_mse": 0.37676649780145716, "val/loss_chameleonic": 1.0438983365893364, "val/loss_triplet": 0.0, "val/loss_residue_psa": 0.09991118052442159, "val/metric_mae": 0.4295519982335789, "val/metric_mse": 0.37998611837899987, "val/metric_r2": -0.028891877629716012, "val/metric_pearson": 0.40776747487536324}
{"epoch": 15, "lr_factor": 0.9567727288213004, "elapsed_s": 178.66529178619385, "train/loss_total": 0.3588927123355605, "train/loss_mse": 0.26724367692608325, "train/loss_chameleonic": 0.8400027327949092, "train/loss_triplet": 0.0, "train/loss_residue_psa": 0.1529752029372113, "train/metric_mae": 0.38864028539631557, "train/metric_mse": 0.26731363594104923, "train/metric_r2": 0.41527133306710085, "train/metric_pearson": 0.6516598659056394, "val/loss_total": 0.4211183791048825, "val/loss_mse": 0.3140450359787792, "val/loss_chameleonic": 1.0166137825165475, "val/loss_triplet": 0.0, "val/loss_residue_psa": 0.10823933853368674, "val/metric_mae": 0.3946837081390173, "val/metric_mse": 0.3187441381209625, "val/metric_r2": 0.13693359074859524, "val/metric_pearson": 0.44673119068765155}
{"epoch": 16, "lr_factor": 0.9478558801197065, "elapsed_s": 177.73165774345398, "train/loss_total": 0.3548000776430681, "train/loss_mse": 0.2639463782192223, "train/loss_chameleonic": 0.8233018245488878, "train/loss_triplet": 0.0, "train/loss_residue_psa": 0.17047031991745507, "train/metric_mae": 0.3826686814630792, "train/metric_mse": 0.2640187951375039, "train/metric_r2": 0.42247855189838435, "train/metric_pearson": 0.6574355621011068, "val/loss_total": 0.4331433034635016, "val/loss_mse": 0.336098955977442, "val/loss_chameleonic": 0.9059711103992802, "val/loss_triplet": 0.0, "val/loss_residue_psa": 0.12894462401579534, "val/metric_mae": 0.44205463608376294, "val/metric_mse": 0.3411372825893566, "val/metric_r2": 0.07629946928013887, "val/metric_pearson": 0.4549967357746973}
{"epoch": 17, "lr_factor": 0.9381533400219317, "elapsed_s": 178.3044888973236, "train/loss_total": 0.34865916136001784, "train/loss_mse": 0.262185465574028, "train/loss_chameleonic": 0.7815451687054028, "train/loss_triplet": 0.0, "train/loss_residue_psa": 0.16638354451528617, "train/metric_mae": 0.38740342756334323, "train/metric_mse": 0.26205209274135216, "train/metric_r2": 0.4267805668940172, "train/metric_pearson": 0.6598546490247871, "val/loss_total": 0.4983328775768833, "val/loss_mse": 0.3915635161933356, "val/loss_chameleonic": 0.9639890683548791, "val/loss_triplet": 0.0, "val/loss_residue_psa": 0.20740915409156255, "val/metric_mae": 0.4260106162419395, "val/metric_mse": 0.39680297972733947, "val/metric_r2": -0.07442704644678821, "val/metric_pearson": 0.35392645682848745}
{"epoch": 18, "lr_factor": 0.9276821300802534, "elapsed_s": 178.33997774124146, "train/loss_total": 0.3327517696168451, "train/loss_mse": 0.2488096214365214, "train/loss_chameleonic": 0.761726635109101, "train/loss_triplet": 0.0, "train/loss_residue_psa": 0.15538967011999044, "train/metric_mae": 0.3748843601839393, "train/metric_mse": 0.24894443655877546, "train/metric_r2": 0.4554525884288375, "train/metric_pearson": 0.6825118196976031, "val/loss_total": 0.48646072248396066, "val/loss_mse": 0.3911651718663052, "val/loss_chameleonic": 0.8803135853792939, "val/loss_triplet": 0.0, "val/loss_residue_psa": 0.14528382656031422, "val/metric_mae": 0.43835434189188777, "val/metric_mse": 0.3961813387094807, "val/metric_r2": -0.07274382339431229, "val/metric_pearson": 0.3093109973936977}
{"epoch": 19, "lr_factor": 0.9164606203550497, "elapsed_s": 178.17330193519592, "train/loss_total": 0.3390790266354406, "train/loss_mse": 0.25885385895768803, "train/loss_chameleonic": 0.7239409454226021, "train/loss_triplet": 0.0, "train/loss_residue_psa": 0.1566214546309932, "train/metric_mae": 0.3755058877689722, "train/metric_mse": 0.2588135562842193, "train/metric_r2": 0.4338646241615278, "train/metric_pearson": 0.6685251107537278, "val/loss_total": 0.5247483481653035, "val/loss_mse": 0.4176903581413041, "val/loss_chameleonic": 0.9979719500988722, "val/loss_triplet": 0.0, "val/loss_residue_psa": 0.1452157742210797, "val/metric_mae": 0.4441515539779144, "val/metric_mse": 0.4242444331799033, "val/metric_r2": -0.14873052018457322, "val/metric_pearson": 0.3721937739591872}
{"epoch": 20, "lr_factor": 0.9045084971874737, "elapsed_s": 178.33762288093567, "train/loss_total": 0.3254882830771662, "train/loss_mse": 0.24359413259662688, "train/loss_chameleonic": 0.7427500608184981, "train/loss_triplet": 0.0, "train/loss_residue_psa": 0.15238285918409625, "train/metric_mae": 0.36996878403592387, "train/metric_mse": 0.24372560157048068, "train/metric_r2": 0.4668684012245654, "train/metric_pearson": 0.6889532170697604, "val/loss_total": 0.4355995053691523, "val/loss_mse": 0.3423407115208517, "val/loss_chameleonic": 0.8585441607449736, "val/loss_triplet": 0.0, "val/loss_residue_psa": 0.14808753990967358, "val/metric_mae": 0.40494882709044716, "val/metric_mse": 0.3472266191687865, "val/metric_r2": 0.059811317098537486, "val/metric_pearson": 0.42128806871124413}
{"early_stop": true, "epoch": 20, "best_epoch": 4, "best_val_mae": 0.38792317037950025, "patience": 15}
wandb: updating run metadata
wandb: updating run metadata; uploading wandb-summary.json; uploading output.log
wandb: updating run metadata; uploading output.log
wandb: updating run metadata
wandb: updating run metadata; uploading history steps 19-20, summary, console lines 20-22
wandb: uploading config.yaml
wandb: 
wandb: Run history:
wandb:                     elapsed_s ▇▇▆█▆▇▇▆▇▇█▅▅▁▆█▅▆▇▆▇
wandb:                         epoch ▁▁▂▂▂▃▃▃▄▄▅▅▅▆▆▆▇▇▇██
wandb:                     lr_factor ▁▃▅▆█████████████▇▇▇▇
wandb:     test/OD_Murcko/metric_mae ▁
wandb:     test/OD_Murcko/metric_mse ▁
wandb: test/OD_Murcko/metric_pearson ▁
wandb:      test/OD_Murcko/metric_r2 ▁
wandb:        train/loss_chameleonic █▄▂▂▁▁▁▁▁▁▁▁▁▁▁▁▁▁▁▁▁
wandb:                train/loss_mse █▂▂▂▂▂▂▂▂▁▁▁▁▁▁▁▁▁▁▁▁
wandb:        train/loss_residue_psa █▆▄▃▂▁▁▁▁▁▁▁▁▁▁▁▁▁▁▁▁
wandb:                           +15 ...
wandb: 
wandb: Run summary:
wandb:                    best_epoch 4
wandb:                  best_val_mae 0.38792
wandb:           early_stopped_epoch 20
wandb:                     elapsed_s 178.33762
wandb:                         epoch 20
wandb:                     lr_factor 0.90451
wandb:     test/OD_Murcko/metric_mae 0.55436
wandb:     test/OD_Murcko/metric_mse 0.64608
wandb: test/OD_Murcko/metric_pearson 0.24215
wandb:      test/OD_Murcko/metric_r2 -0.09434
wandb:                           +18 ...
wandb: 
wandb: 🚀 View run v2_od_murcko_centwext at: https://wandb.ai/anniejung01-korea-university/chameleonnet-v2/runs/mzkozuns
wandb: ⭐️ View project at: https://wandb.ai/anniejung01-korea-university/chameleonnet-v2
wandb: Synced 5 W&B file(s), 0 media file(s), 0 artifact file(s) and 0 other file(s)
wandb: Find logs at: ./runs/v2_od_murcko_centwext/wandb/run-20260512_015541-mzkozuns/logs
[test/OD_Murcko] {'metric_mae': 0.5543565089886006, 'metric_mse': 0.6460797175309195, 'metric_r2': -0.09433833294422134, 'metric_pearson': 0.24215070122937923}
[2026-05-12T02:58:31+00:00] finished v2_od_murcko_centwext rc=0
